[    0.000000] Initializing cgroup subsys cpuset
[    0.000000] Initializing cgroup subsys cpu
[    0.000000] Initializing cgroup subsys cpuacct
[    0.000000] Linux version 4.4.0-104-generic (buildd@lgw01-amd64-022) (gcc version 5.4.0 20160609 (Ubuntu 5.4.0-6ubuntu1~16.04.5) ) #127-Ubuntu SMP Mon Dec 11 12:16:42 UTC 2017 (Ubuntu 4.4.0-104.127-generic 4.4.98)
[    0.000000] Command line: BOOT_IMAGE=/boot/vmlinuz-4.4.0-104-generic root=UUID=a3f91fc3-3067-43d1-b704-7b1ab3a66579 ro console=tty1 console=ttyS0
[    0.000000] KERNEL supported cpus:
[    0.000000]   Intel GenuineIntel
[    0.000000]   AMD AuthenticAMD
[    0.000000]   Centaur CentaurHauls
[    0.000000] x86/fpu: Legacy x87 FPU detected.
[    0.000000] x86/fpu: Using 'lazy' FPU context switches.
[    0.000000] e820: BIOS-provided physical RAM map:
[    0.000000] BIOS-e820: [mem 0x0000000000000000-0x000000000009fbff] usable
[    0.000000] BIOS-e820: [mem 0x000000000009fc00-0x000000000009ffff] reserved
[    0.000000] BIOS-e820: [mem 0x00000000000f0000-0x00000000000fffff] reserved
[    0.000000] BIOS-e820: [mem 0x0000000000100000-0x000000003ffeffff] usable
[    0.000000] BIOS-e820: [mem 0x000000003fff0000-0x000000003fffffff] ACPI data
[    0.000000] BIOS-e820: [mem 0x00000000fffc0000-0x00000000ffffffff] reserved
[    0.000000] NX (Execute Disable) protection: active
[    0.000000] SMBIOS 2.5 present.
[    0.000000] e820: last_pfn = 0x3fff0 max_arch_pfn = 0x400000000
[    0.000000] MTRR: Disabled
[    0.000000] x86/PAT: MTRRs disabled, skipping PAT initialization too.
[    0.000000] CPU MTRRs all blank - virtualized system.
[    0.000000] x86/PAT: Configuration [0-7]: WB  WT  UC- UC  WB  WT  UC- UC  
[    0.000000] found SMP MP-table at [mem 0x0009fff0-0x0009ffff] mapped at [ffff88000009fff0]
[    0.000000] Scanning 1 areas for low memory corruption
[    0.000000] RAMDISK: [mem 0x36230000-0x3710ffff]
[    0.000000] ACPI: Early table checksum verification disabled
[    0.000000] ACPI: RSDP 0x00000000000E0000 000024 (v02 VBOX  )
[    0.000000] ACPI: XSDT 0x000000003FFF0030 00003C (v01 VBOX   VBOXXSDT 00000001 ASL  00000061)
[    0.000000] ACPI: FACP 0x000000003FFF00F0 0000F4 (v04 VBOX   VBOXFACP 00000001 ASL  00000061)
[    0.000000] ACPI: DSDT 0x000000003FFF0470 001BF1 (v01 VBOX   VBOXBIOS 00000002 INTL 20140214)
[    0.000000] ACPI: FACS 0x000000003FFF0200 000040
[    0.000000] ACPI: FACS 0x000000003FFF0200 000040
[    0.000000] ACPI: APIC 0x00000003FFF0240 00005C (v02 VBOX   VBOXAPIC 00000001 ASL  00000061)
[    0.000000] ACPI: SSDT 0x000000003FFF02A0 0001CC (v01 VBOX   VBOXCPUT 00000002 INTL 20140214)
[    0.000000] No NUMA configuration found
[    0.000000] Faking a node at [mem 0x0000000000000000-0x000000003ffeffff]
[    0.000000] NODE_DATA(0) allocated [mem 0x3ffeb000-0x3ffeffff]
[    0.000000] Zone ranges:
[    0.000000]   DMA      [mem 0x0000000000001000-0x0000000000ffffff]
[    0.000000]   DMA32    [mem 0x0000000001000000-0x00000003fefff][    0.000000]   Normal   empty
[    0.000000]   Device   empty
[    0.000000] Movable zone start for each node
[    0.000000] Early memory node ranges
[    0.000000]   node   0: [mem 0x0000000000001000-0x000000000009efff]
[    0.000000]   node   0: [mem 0x0000000000100000-0x000000003ffeffff]
[    0.000000] Initemsetupnoe 0 [mem0x0000000000001000-0x000000003ffeffff]
[    0.000000] ACPI: PM-Timer IO Port: 0x4008
[    0.000000] IOAPIC[0]: apic_id 2, version 17, address 0xfec00000, GSI 0-23
[    0.000000] ACPI: INT_SRC_OVR (bus 0 bus_irq 0 global_irq 2 dfl dfl)
[    0.000000] ACPI: INT_SRC_OVR (bus 0 bus_irq 9 global_irq 9 high level)
[    0.000000] Using ACPI (MADT) for SMP configuration information
[    0.000000] smpboot: Allowing 2 CPUs, 0 hotplug CPUs
[    0.000000] PM: Registered nosave memory: [mem 0x00000000-0x00000fff]
[    0.000000] PM: Registered nosave memory: [mem 0x0009f000-0x0009ffff]
[    0.000000] PM: Reisered nosvememory: [mem 0x000a0000-0x000effff]
[    0.000000] PM: Registered nosave memory: [mem 0x000f0000-0x000fffff]
[    0.000000] e820: [mem 0x40000000-0xfffbffff] available for PCI devices
[    0.000000] Booting paravirtualized kernel on bare hardware
[    0.000000] clocksource: refined-jiffies: mask: 0xffffffff max_cycles: 0xffffffff, max_idle_ns: 7645519600211568 ns
[    0.000000] setup_percpu: NR_CPUS:512 nr_cpumask_bits:512 nr_cpu_ids:2 nr_node_ids:1
[    0.000000] PERCPU: Embedded 33 pages/cpu @ffff88003fc00000 s98200 r8192 d28776 u1048576
[    0.000000] Built 1 zonelists in Node order, mobility grouping on.  Total pages: 257913
[    0.000000] Policy zone: DMA32
[    0.000000] Kernel command line: BOOT_IMAGE=/boot/vmlinuz-4.4.0-104-generic root=UUID=a3f91fc3-3067-43d1-b704-7b1ab3a66579 ro console=tty1 console=ttyS0
[    0.000000] PID hash table entries: 4096 (order: 3, 32768 bytes)
[    0.000000] Memory: 997376K/1048120K available (8485K kernel code, 1295K rwdata, 3988K rodata, 1492K init, 1316K bss, 50744K reserved, 0K cma-reserved)
[    0.000000] SLUB: HWalign=64, Order=0-3, MinObjects=0, CPUs=2, Nodes=1
[    0.000000] Hierarchical RCU implementation.
[    0.000000] 	Build-time adjustment of leaf fanout to 64.
[    0.000000] 	RCU restricting CPUs from NR_CPUS=512 to nr_cpu_ids=2.
[    0.000000] RCU: Adjusting geometry for rcu_fanout_leaf=64, nr_cpu_ids=2
[    0.000000] NR_IRQS:33024 nr_irqs:440 16
[    0.000000] Console: colour VGA+ 80x25
[    0.000000] console [tty1] enabled
[    0.000000] console [ttyS0] enbled
[    0.000000] tsc: Unable to calibrate against PIT
[    0.000000] tsc: using PMTIMER reference calibration
[    0.000000] tsc: Detected 2708.358 MHz processor
[    0.016036] Calibrating delay loop (skipped), value calculated using timer frequency.. 5416.71 BogoMIPS (lpj=10833432)
[    0.020981] pid_max: default: 32768 minimum: 301
[    0.022354] ACPI: Core revision 20150930
[    0.025122] ACPI: 2 ACPI AML tables successfully acquired and loaded
[    0.027220] Security Framework initialized
[    0.028029] Yama: becoming mindful.
[    0.029193] AppArmor: AppArmor initialized
[    0.032113] Dentry cache hash table entries: 131072 (order: 8, 1048576 bytes)
[    0.034399] Inode-cache hash table entries: 65536 (order: 7, 524288 bytes)
[    0.037226] Mount-cache hash table entries: 2048 (order: 2, 16384 bytes)
[    0.039076] Mountpoint-cache hash table entries: 2048 (order: 2, 16384 bytes)
[    0.040390] Initializing cgroup subsys io
[    0.041733] Initializing cgroup subsys memory
[    0.044036] Initializing cgroup subsys devices
[    0.045395] Initializing cgroup subsys freezer
[    0.046674] Initializing cgroup subsys net_cls
[    0.048016] Initializing cgroup subsys perf_event
[    0.049232] Initializing cgroup subsys net_prio
[    0.050609] Initializing cgroup subsys hugetlb
[    0.052028] Initializing cgroup subsys pids
[    0.053436] CPU: Physical Processor ID: 0
[    0.054717] CPU: Processor Core ID: 0
[    0.055883] mce: CPU supports 0 MCE banks
[    0.056068] Last level iTLB entries: 4KB 64, 2MB 8, 4MB 8
[    0.057627] Last level dTLB entries: 4KB 64, 2MB 0, 4MB 0, 1GB 4
[    0.063006] Freeing SMP alternatives memory: 32K
[    0.078311] ftrace: allocating 32158 entries in 126 pages
[    0.088118] smpboot: APIC(0) Converting physical 0 to logical package 0
[    0.092018] smpboot: Max logical packages: 1
[    0.094930] ..TIMER: vector=0x30 apic1=0 pin1=2 apic2=-1 pin2=-1
[    0.140000] smpboot: CPU0: Intel(R) Core(TM) i5-7200U CPU @ 2.50GHz (family: 0x6, model: 0x8e, stepping: 0x9)
[    0.140000] Performance Events: unsupported p6 CPU model 142 no PMU driver, software events only.
[    0.142717] NMI watchdog: disabled (cpu0): hardware events not enabled
[    0.144010] NMI watchdog: Shutting down hard lockup detector on all cpus
[    0.145803] x86: Booting SMP configuration:
[    0.146966] .... node  #0, CPUs:      #1
[    0.020000] mce: CPU supports 0 MCE banks
[    0.163873] x86: Booted up 1 node, 2 CPUs
[    0.164019] smpboot: Total of 2 processors activated (10833.43 BogoMIPS)
[    0.168046] devtmpfs: initialized
[    0.173862] evm: security.selinux
[    0.174892] evm: security.SMACK64
[    0.175864] evm: security.SMACK64EXEC
[    0.176015] evm: security.SMACK64TRANSMUTE
[    0.177135] evm: security.SMACK64MMAP
[    0.178367] evm: security.ima
[    0.180011] evm: security.capability
[    0.181155] clocksource: jiffies: mask: 0xffffffff max_cycles: 0xffffffff, max_idle_ns: 7645041785100000 ns
[    0.184038] futex hash table entries: 512 (order: 3, 32768 bytes)
[    0.188116] pinctrl core: initialized pinctrl subsystem
[    0.192085] RTC time:  9:16:11, date: 12/19/17
[    0.194116] NET: Registered protocol family 16
[    0.204025] cpuidle: using governor ladder
[    0.216019] cpuidle: using governor menu
[    0.217126] PCCT header not found.
[    0.218179] ACPI: bus type PCI registered
[    0.219277] acpiphp: ACPI Hot Plug PCI Controller Driver version: 0.5
[    0.220166] PCI: Using configuration type 1 for base access
[    0.236142] ACPI: Added _OSI(Module Device)
[    0.244502] ACPI: Added _OSI(Processor Device)
[    0.244879] ACPI: Added _OSI(3.0 _SCP Extensions)
[    0.245085] ACPI: Added _OSI(Processor Aggregator Device)
[    0.247263] ACPI: Executed 1 blocks of module-level executable AML code
[    0.254954] ACPI: Interpreter enabled
[    0.256018] ACPI: (supports S0 S5)
[    0.256993] ACPI: Using IOAPIC for interrupt routing
[    0.258466] PCI: Using host bridge windows from ACPI; if necessary, use "pci=nocrs" and report a bug
[    0.261126] ACPI: PCI Root Bridge [PCI0] (domain 0000 [bus 00-ff])
[    0.262659] acpi PNP0A03:00: _OSC: OS supports [ASPM ClockPM Segments MSI]
[    0.263984] acpi PNP0A03:00: _OSC failed (AE_NOT_FOUND); disabling ASPM
[    0.266446] acpi PNP0A03:00: fail to add MMCONFIG information, can't access extended PCI configuration space under this bridge.
[    0.272266] PCI host bridge to bus 0000:00
[    0.273401] pci_bus 0000:00: root bus resource [io  0x0000-0x0cf7 window]
[    0.273480] pci_bus 0000:00: root bus resource [io  0x0d00-0xffff window]
[    0.276193] pci_bus 0000:00: root bus resource [mem 0x000a0000-0x000bffff window]
[    0.280013] pci_bus 0000:00: root bus resource [mem 0x40000000-0xffdfffff window]
[    0.282153] pci_bus 0000:00: root bus resource [bus 00-ff]
[    0.285904] pci 0000:00:01.1: legacy IDE quirk: reg 0x10: [io  0x01f0-0x01f7]
[    0.288011] pci 0000:00:01.1: legacy IDE quirk: reg 0x14: [io  0x03f6]
[    0.289709] pci 0000:00:01.1: legacy IDE quirk: reg 0x18: [io  0x0170-0x0177]
[    0.292010] pci 0000:00:01.1: legacy IDE quirk: reg 0x1c: [io  0x0376]
[    0.335531] ACPI: PCI Interrupt Link [LNKA] (IRQs 5 9 10 11) *0, disabled.
[    0.341696] ACPI: PCI Interrupt Link [LNKB] (IRQs 5 9 10 *11)
[    0.341696] ACPI: PCI Interrupt Link [LNKC] (IRQs 5 9 *10 11)
[    0.348472] ACPI: PCI Interrupt Link [LNKD] (IRQs 5 *9 10 11)
[    0.353273] ACPI: Enabled 2 GPEs in block 00 to 07
[    0.355175] vgaarb: setting as boot device: PCI:0000:00:02.0
[    0.355175] vgaarb: device added: PCI:0000:00:02.0,decodes=io+mem,owns=io+mem,locks=none
[    0.356019] vgaarb: loaded
[    0.360016] vgaarb: bridge control possible 0000:00:02.0
[    0.361873] SCSI subsystem initialized
[    0.363152] ACPI: bus type USB registered
[    0.363152] usbcore: registered new interface driver usbfs
[    0.363152] usbcore: registered new interface driver hub
[    0.364078] usbcore: registered new device driver usb
[    0.368219] PCI: Using ACPI for IRQ routing
[    0.372398] NetLabel: Initializing
[    0.373456] NetLabel:  domain hash size = 128
[    0.374721] NetLabel:  protocols = UNLABELED CIPSOv4
[    0.396553] NetLabel:  unlabeled traffic allowed by default
[    0.398361] amd_nb: Cannot enumerate AMD northbridges
[    0.398361] clocksource: Switched to clocksource refined-jiffies
[    0.416013] AppArmor: AppArmor Filesystem Enabled
[    0.416013] pnp: PnP ACPI init
[    0.416440] pnp: PnP ACPI: found 4 devices
[    0.428776] clocksource: acpi_pm: mask: 0xffffff max_cycles: 0xffffff, max_idle_ns: 2085701024 ns
[    0.432013] clocksource: Switched to clocksource acpi_pm
[    0.433566] NET: Registered protocol family 2
[    0.435014] TCP established hash table entries: 8192 (order: 4, 65536 bytes)
[    0.436860] TCP bind hash table entries: 8192 (order: 5, 131072 bytes)
[    0.438563] TCP: Hash tables configured (established 8192 bind 8192)
[    0.445074] UDP hash table entries: 512 (order: 2, 16384 bytes)
[    0.446590] UDP-Lite hash table entries: 512 (order: 2, 16384 bytes)
[    0.448001] NET: Registered protocol family 1
[    0.449296] pci 0000:00:00.0: Limiting direct PCI/PCI transfers
[    0.450872] pci 0000:00:01.0: Activating ISA DMA hang workarounds
[    0.453383] Unpacking initramfs...
[    0.761488] Freeing initrd memory: 15232K
[    0.787769] platform rtc_cmos: registered platform RTC device (no PNP device found)
[    0.795628] Scanning for low memory corruption every 60 seconds
[    0.800168] audit: initializing netlink subsys (disabled)
[   .808720] audit: type=2000 audit(1513674970.807:1): initialized
[   .976721] Initialise system trusted keyring

[    1.099790] HugeTLB registered 2 MB page size, pre-allocated 0 pages
[    1.103707] zbud: loaded
[    1.107575] VFS: Disk quotas dquot_6.6.0
[    1.113985] VFS: Dquot-cache hash table entries: 512 (order 0, 4096 bytes)
[  115720] squashfs: version 4.0 (2009/01/31) Phillip Lougher

[    1.388167] fuse init (API version 7.23)
[    1.389766] Key type big_key registered
[    1.390875] Allocating IMA MOK and blacklist keyrings.
[    1.403256] Key type asymmetric registered
[    1.404001] Asymmetric key parser 'x509' registered
[    1.413387] Block layer SCSI generic (bsg) driver version 0.4 loaded (major 249)
[    1.415588] io scheduler noop registered
[    1.416748] io scheduler deadline registered (default)
[    1.418132] io scheduler cfq registered
[    1.419382] pci_hotplug: PCI Hot Plug PCI Core version: 0.5
[    1.420875] pciehp: PCI Express Hot Plug Controller Driver version: 0.4
[    1.422713] ACPI: AC Adapter [AC] (on-line)
[    1.424116] input: Power Button as /devices/LNXSYSTM:00/LNXPWRBN:00/input/input0
[    1.426113] ACPI: Power Button [PWRF]
[    1.427288] input: Sleep Button as /devices/LNXSYSTM:00/LNXSLPBN:00/input/input1
[    1.429405] ACPI: Sleep Button [SLPF]
[    1.430803] GHES: HEST is not enabled!
[    1.431481] ACPI: Battery Slot [BAT0] (battery present)
[    1.433880] Serial: 8250/16550 driver, 32 ports, IRQ sharing enabled
[    1.457824] 00:03: ttyS0 at I/O 0x3f8 (irq = 4, base_baud = 115200) is a 16550A
[    1.467019] Linux agpgart interface v0.103
[    1.471181] loop: module loaded
[    1.480650] scsi host0: ata_piix
[    1.481922] scsi host1: ata_piix
[    1.483985] ata1: PATA max UDMA/33 cmd 0x1f0 ctl 0x3f6 bmdma 0xd000 irq 14
[    1.485299] ata2: PATA max UDMA/33 cmd 0x170 ctl 0x376 bmdma 0xd008 irq 15
[    1.486922] libphy: Fixed MDIO Bus: probed
[    1.488945] tun: Universal TUN/TAP device driver, 1.6
[    1.489955] tun: (C) 1999-2004 Max Krasnyansky <maxk@qualcomm.com>
[    1.495150] PPP generic driver version 2.4.2
[    1.504163] ehci_hcd: USB 2.0 'Enhanced' Host Controller (EHCI) Driver
[    1.514304] ehci-pci: EHCI PCI platform driver
[    1.515295] ehci-platform: EHCI generic platform driver
[    1.517599] ohci_hcd: USB 1.1 'Open' Host Controller (OHCI) Driver
[    1.522318] ohci-pci: OHCI PCI platform driver
[    1.523298] ohci-platform: OHCI generic platform driver
[    1.524419] uhci_hcd: USB Universal Host Controller Interface driver
[    1.525716] i8042: PNP: PS/2 Controller [PNP0303:PS2K,PNP0f03:PS2M] at 0x60,0x64 irq 1,12
[    1.528427] serio: i8042 KBD port at 0x60,0x64 irq 1
[    1.536120] serio: i8042 AUX port at 0x60,0x64 irq 12
[    1.537857] mousedev: PS/2 mouse device common for all mice
[    1.543701] input: AT Translated Set 2 keyboard as /devices/platform/i8042/serio0/input/input2
[    1.547112] rtc_cmos rtc_cmos: rtc core: registered rtc_cmos as rtc0
[    1.548416] rtc_cmos rtc_cmos: alarms up to one day, 114 bytes nvram
[    1.549618] i2c /dev entries driver
[    1.550492] device-mapper: uevent: version 1.0.3
[    1.555275] device-mapper: ioctl: 4.34.0-ioctl (2015-10-28) initialised: dm-devel@redhat.com
[    1.566459] ledtrig-cpu: registered to indicate activity on CPUs
[    1.572080] NET: Registered protocol family 10
[    1.573622] NET: Registered protocol family 17
[    1.574884] Key type dns_resolver registered
[    1.579678] microcode: CPU0 sig=0x806e9, pf=0x2, revision=0x19
[    1.588014] microcode: CPU1 sig=0x806e9, pf=0x2, revision=0x19
[    1.591184] microcode: Microcode Update Driver: v2.01 <tigran@aivazian.fsnet.co.uk>, Peter Oruba
[    1.600283] registered taskstats version 1
[    1.601464] Loading compiled-in X.509 certificates
[    1.603760] Loaded X.509 cert 'Build time autogenerated kernel key: 8537ad706776f532219d7336343c968b9f82f7c7'
[    1.606324] zswap: loaded using pool lzo/zbud
[    1.613908] Key type trusted registered
[    1.619360] Key type encrypted registered
[    1.620869] AppArmor: AppArmor sha1 policy hashing enabled
[    1.622244] ima: No TPM chip found, activating TPM-bypass!
[    1.623658] evm: HMAC attrs: 0x1
[    1.627759]   Magic number: 13:138:273
[    1.628896] tty tty10: hash matches
[    1.629896] net lo: hash matches
[    1.630973] rtc_cmos rtc_cmos: setting system clock to 2017-12-19 09:16:12 UTC (1513674972)
[    1.635756] BIOS EDD facility v0.16 2004-Jun-25, 0 devices found
[    1.642327] EDD information not available.
[    1.646193] Freeing unused kernel memory: 1492K
[    1.653802] Write protecting the kernel read-only data: 14336k
[    1.659044] Freeing unused kernel memory: 1744K
[    1.665504] Freeing unused kernel memory: 108K
Loading, please wait...
starting version 229
[    1.688692] random: systemd-udevd: uninitialized urandom read (16 bytes read, 2 bits of entropy available)
[    1.689573] random: udevadm: uninitialized urandom read (16 bytes read, 2 bits of entropy available)
[    1.689608] random: udevadm: uninitialized urandom read (16 bytes read, 2 bits of entropy available)
[    1.697050] random: systemd-udevd: uninitialized urandom read (16 bytes read, 2 bits of entropy available)
[    1.700001] random: systemd-udevd: uninitialized urandom read (16 bytes read, 2 bits of entropy available)
[    1.702730] random: systemd-udevd: uninitialized urandom read (16 bytes read, 2 bits of entropy available)
[    1.706332] random: systemd-udevd: uninitialized urandom read (16 bytes read, 2 bits of entropy available)
[    1.709230] random: systemd-udevd: uninitialized urandom read (16 bytes read, 2 bits of entropy available)
[    1.711825] random: udevadm: uninitialized urandom read (16 bytes read, 2 bits of entropy available)
[    1.711885] random: udevadm: uninitialized urandom read (16 bytes read, 2 bits of entropy available)
[    1.769859] e1000: Intel(R) PRO/1000 Network Driver - version 7.3.21-k8-NAPI
[    1.777185] e1000: Copyright (c) 1999-2006 Intel Corporation.
[    1.787658] tsc: Refined TSC clocksource calibration: 2708.358 MHz
[    1.796644] clocksource: tsc: mask: 0xffffffffffffffff max_cycles: 0x270a16123a8, max_idle_ns: 440795328898 ns
[    1.801431] Fusion MPT base driver 3.04.20
[    1.811800] Copyright (c) 1999-2008 LSI Corporation
[    1.828375] Fusion MPT SPI Host driver 3.04.20
[    1.999674] input: ImExPS/2 Generic Explorer Mouse as /devices/platform/i8042/serio1/input/input4
[    2.212628] e1000 0000:00:03.0 eth0: (PCI:33MHz:32-bit) 02:15:29:52:b1:84
[    2.214331] e1000 0000:00:03.0 eth0: Intel(R) PRO/1000 Network Connection
[    2.827853] clocksource: Switched to clocksource tsc
[    2.843482] e1000 0000:00:08.0 eth1: (PCI:33MHz:32-bit) 08:00:27:12:9d:4a
[    2.845798] e1000 0000:00:08.0 eth1: Intel(R) PRO/1000 Network Connection
[    2.847871] mptbase: ioc0: Initiating bringup
[    2.848110] e1000 0000:00:03.0 enp0s3: renamed from eth0
[    2.864366] e1000 0000:00:08.0 enp0s8: renamed from eth1
[    2.927611] ioc0: LSI53C1030 A0: Capabilities={Initiator}
[    4.091468] scsi host2: ioc0: LSI53C1030 A0, FwRev=00000000h, Ports=1, MaxQ=256, IRQ=20
[    4.228728] scsi 2:0:0:0: Direct-Access     VBOX     HARDDISK         1.0  PQ: 0 ANSI: 5
[    4.232077] scsi target2:0:0: Beginning Domain Validation
[    4.238994] scsi target2:0:0: Domain Validation skipping write tests
[    4.257468] scsi target2:0:0: Ending Domain Validation
[    4.274408] scsi target2:0:0: asynchronous
[    4.277974] scsi 2:0:1:0: Direct-Access     VBOX     HARDDISK         1.0  PQ: 0 ANSI: 5
[    4.283125] scsi target2:0:1: Beginning Domain Validation
[    4.290965] scsi target2:0:1: Domain Validation skipping write tests
[    4.293721] scsi target2:0:1: Ending Domain Validation
[    4.295618] scsi target2:0:1: asynchronous
[    4.357716] sd 2:0:0:0: [sda] 20971520 512-byte logical blocks: (10.7 GB/10.0 GiB)
[    4.372500] sd 2:0:0:0: Attached scsi generic sg0 type 0
[    4.373386] sd 2:0:1:0: Attached scsi generic sg1 type 0
[    4.599682] sd 2:0:1:0: [sdb] 20480 512-byte logical blocks: (10.5 MB/10.0 MiB)
[    4.603811] sd 2:0:1:0: [sdb] Write Protect is off
[    4.612105] sd 2:0:0:0: [sda] Write Protect is off
[    4.639073] sd 2:0:0:0: [sda] Incomplete mode parameter data
[    4.640688] sd 2:0:1:0: [sdb] Incomplete mode parameter data
[    4.640692] sd 2:0:1:0: [sdb] Assuming drive cache: write through
[    4.659017] sd 2:0:1:0: [sdb] Attached SCSI disk
[    4.732002] sd 2:0:0:0: [sda] Assuming drive cache: write through
[    4.757883]  sda: sda1
[    4.796322] sd 2:0:0:0: [sda] Attached SCSI disk
[    4.844427] floppy0: no floppy controllers found
Begin: Loading e[    6.680563] md: linear personality registered for level -1
ssential drivers ... [    6.691211] md: multipath personality registered for level -4
[    6.707292] md: raid0 personality registered for level 0
[    6.716448] md: raid1 personality registered for level 1
[    6.827419] raid6: sse2x1   gen()  3938 MB/s
[    6.899655] raid6: sse2x1   xor()  3412 MB/s
[    6.969942] raid6: sse2x2   gen()  5563 MB/s
[    7.039803] raid6: sse2x2   xor()  3829 MB/s
[    7.111650] raid6: sse2x4   gen()  5977 MB/s
[    7.181276] raid6: sse2x4   xor()  3999 MB/s
[    7.182886] raid6: using algorithm sse2x4 gen() 5977 MB/s
[    7.184994] raid6: .... xor() 3999 MB/s, rmw enabled
[    7.186675] raid6: using ssse3x2 recovery algorithm
[    7.193376] xor: measuring software checksum speed
[    7.240078]    prefetch64-sse:  9818.000 MB/sec
[    7.288045]    generic_sse: 10053.000 MB/sec
[    7.294520] xor: using function: generic_sse (10053.000 MB/sec)
[    7.297911] async_tx: api initialized (async)
[    7.319778] md: raid6 personality registered for level 6
[    7.321653] md: raid5 personality registered for level 5
[    7.323415] md: raid4 personality registered for level 4
[    7.336062] md: raid10 personality registered for level 10
done.
Begin: Running /scripts/init-premount ... done.
Begin: Mounting root file system ... Begin: Running /scripts/local-top ... done.
Begin: Running /scripts/local-premount ... [    7.396609] Btrfs loaded
Scanning for Btrfs filesystems
done.
Warning: fsck not present, so skipping root file system
[    7.792487] EXT4-fs (sda1): INFO: recovery required on readonly filesystem
[    7.794641] EXT4-fs (sda1): write access will be enabled during recovery
[    8.180244] EXT4-fs (sda1): orphan cleanup on readonly fs
[    8.829347] EXT4-fs (sda1): 6 orphan inodes deleted
[    8.830384] EXT4-fs (sda1): recovery complete
[    8.832166] EXT4-fs (sda1): mounted filesystem with ordered data mode. Opts: (null)
done.
Begin: Running /scripts/local-bottom ... done.
Begin: Running /scripts/init-bottom ... [    9.634724] random: nonblocking pool is initialized
done.
[   11.247770] systemd[1]: systemd 229 running in system mode. (+PAM +AUDIT +SELINUX +IMA +APPARMOR +SMACK +SYSVINIT +UTMP +LIBCRYPTSETUP +GCRYPT +GNUTLS +ACL +XZ -LZ4 +SECCOMP +BLKID +ELFUTILS +KMOD -IDN)
[   11.271582] systemd[1]: Detected virtualization oracle.
[   11.278021] systemd[1]: Detected architecture x86-64.

Welcome to [1mUbuntu 16.04.3 LTS[0m!

[   11.289535] systemd[1]: Set hostname to <ubuntu-xenial>.
[   12.301218] systemd[1]: Listening on Journal Socket.
[[0;32m  OK  [0m] Listening on Journal Socket.
[   12.313927] systemd[1]: Listening on udev Control Socket.
[[0;32m  OK  [0m] Listening on udev Control Socket.
[   12.319515] systemd[1]: Created slice System Slice.
[[0;32m  OK  [0m] Created slice System Slice.
[   12.340354] systemd[1]: Starting Create list of required static device nodes for the current kernel...
         Starting Create list of required st... nodes for the current kernel...
[   12.354985] systemd[1]: Starting Uncomplicated firewall...
         Starting Uncomplicated firewall...
[   12.365179] systemd[1]: Listening on Device-mapper event daemon FIFOs.
[[0;32m  OK  [0m] Listening on Device-mapper event daemon FIFOs.
[   12.371707] systemd[1]: Listening on Syslog Socket.
[[0;32m  OK  [0m] Listening on Syslog Socket.
[   12.376586] systemd[1]: Listening on Journal Socket (/dev/log).
[[0;32m  OK  [0m] Listening on Journal Socket (/dev/log).
[   12.393229] systemd[1]: Starting Set console keymap...
         Starting Set console keymap...
[   12.413819] systemd[1]: Mounting POSIX Message Queue File System...
         Mounting POSIX Message Queue File System...
[   12.452448] systemd[1]: Reached target Swap.
[[0;32m  OK  [0m] Reached target Swap.
[   12.457973] systemd[1]: Listening on udev Kernel Socket.
[[0;32m  OK  [0m] Listening on udev Kernel Socket.
[   12.462123] systemd[1]: Listening on /dev/initctl Compatibility Named Pipe.
[[0;32m  OK  [0m] Listening on /dev/initctl Compatibility Named Pipe.
[   12.492330] systemd[1]: Mounting Debug File System...
         Mounting Debug File System...
[   12.505845] systemd[1]: Starting Nameserver information manager...
         Starting Nameserver information manager...
[   12.521337] systemd[1]: Set up automount Arbitrary Executable File Formats File System Automount Point.
[[0;32m  OK  [0m] Set up automount Arbitrary Executab...ats File System Automount Point.
[   12.560342] systemd[1]: Mounting Huge Pages File System...
         Mounting Huge Pages File System...
[   12.568374] systemd[1]: Created slice system-serial\x2dgetty.slice.
[[0;32m  OK  [0m] Created slice system-serial\x2dgetty.slice.
[   12.588155] systemd[1]: Listening on Journal Audit Socket.
[[0;32m  OK  [0m] Listening on Journal Audit Socket.
[   12.609216] systemd[1]: Starting Journal Service...
         Starting Journal Service...
[   12.729351] systemd[1]: Starting Remount Root and Kernel File Systems...
         Startin[   12.763934] EXT4-fs (sda1): re-mounted. Opts: (null)
g Remount Root and Kernel File Systems...
[   13.032340] systemd[1]: Starting Load Kernel Modules...
         Starting Load Kernel Modules...
[   13.058105] systemd[1]: Reached target User and Group Name Lookups.
[[0;32m  OK  [0m] Reached target User and Group Name Lookups.
[   13.067687] systemd[1]: Created slice User and Session Slice.
[[0;32m  OK  [0m] Created slice User and Session Slice.
[   13.082237] systemd[1]: Reached target Slices.
[[0;32m  OK  [0[   13.086307] Loading iSCSI transport class v2.0-870.
m] Reached target Slices.
[   13.095428] systemd[1]: Listening on LVM2 metadata daemon socket.
[[0;32m  OK  [0m] Listening on LVM2 metadata daemon socket.
[   13.116469] systemd[1]: Starting Monitoring of LVM2 mirrors, snapshots etc. using dmeventd or progress polling...
         Starting Monitoring of LVM2 mirrors... dmeventd or progress polling...
[   13.143776] systemd[1]: Listening on LVM2 poll daemon socket.
[[0;32m  OK  [[   13.155240] iscsi: registered transport (tcp)
0m] Listening on LVM2 poll daemon socket.
[   13.180423] systemd[1]: Started Forward Password Requests to Wall Directory Watch.
[[0;32m  OK  [0m] Started Forward Password Requests to Wall Directory Watch.
[   13.205749] systemd[1]: Reached target Encrypted Volumes.
[[0;32m  OK  [0m] Reached target Encrypted Volumes.
[   13.209957] systemd[1]: Started Trigger resolvconf update for networkd DNS.
[[0;32m  OK  [0m] Started Trigger resolvconf update for networkd DNS.
[   13.229539] systemd[1]: Mounted Huge Pages File System.
[[0;32m  OK  [0m] Mounted Huge Pages File System.
[   13.247969] systemd[1]: Mounted POSIX Message Queue File System.
[[0;32m  OK  [0m] Mounted POSIX Message Queue File System.
[   13.253400] systemd[1]: Mounted Debug File System.
[[0;32m  OK  [0m] Mounted Debug File System.
[   13.262534] systemd[1]: Started Journal Service.
[[0;32m  OK  [0m] Started Journal Service.
[[0;32m  OK  [0m] Started Create list of required sta...ce nodes for the current kernel.
[[0;32m  OK  [0m] Started Uncomplicated firewall.
[[0;32m  OK  [0m] Started Set console keymap.
[[0;32m  OK  [0m] Started Remount Root and Kernel File Systems.
[[0;32m  OK  [0m] Started Nameserver information manager.
[[0;32m  OK  [0m] Started LVM2 metadata daemon.
[   13.432724] iscsi: registered transport (iser)
         Starting udev Coldplug all Devices...
         Starting Load/Save Random Seed...
         Starting Initial cloud-init job (pre-networking)...
         Starting Create Static Device Nodes in /dev...
         Starting Flush Journal to Persistent Storage...
[[0;32m  OK  [0m] Started Load Kernel Modules.
[[0;32m  OK  [0m] Started Load/Save Random Seed.
[   13.553112] systemd-journald[384]: Received request to flush runtime journal from PID 1
         Starting Apply Kernel Variables...
         Mounting FUSE Control File System...
[[0;32m  OK  [0m] Mounted FUSE Control File System.
[[0;32m  OK  [0m] Started Flush Journal to Persistent Storage.
[[0;32m  OK  [0m] Started udev Coldplug all Devices.
[[0;32m  OK  [0m] Started Apply Kernel Variables.
[[0;32m  OK  [0m] Started Create Static Device Nodes in /dev.
         Starting udev Kernel Device Manager...
[[0;32m  OK  [0m] Started Monitoring of LVM2 mirrors,...ng dmeventd or progress polling.
[[0;32m  OK  [0m] Started udev Kernel Device Manager.
[[0;32m  OK  [0m] Started Dispatch Password Requests to Console Directory Watch.
[[0;32m  OK  [0m] Reached target Local File Systems (Pre).
[[0;32m  OK  [0m] Reached target Local File Systems.
         Starting Tell Plymouth To Write Out Runtime Data...
         Starting Set console font and keymap...
         Starting Create Volatile Files and Directories...
         Starting LSB: AppArmor initialization...
[[0;32m  OK  [0m] Started Tell Plymouth To Write Out Runtime Data.
[[0;32m  OK  [0m] Started Create Volatile Files and Directories.
[[0;32m  OK  [0m] Reached target System Time Synchronized.
         Starting Update UTMP about System Boot/Shutdown...
[[0;32m  OK  [0m] Started Update UTMP about System Boot/Shutdown.
[[0;32m  OK  [0m] Found device /dev/ttyS0.
[[0;32m  OK  [0m] Found device 82540EM Gigabit Ethern...r (PRO/1000 MT Desktop Adapter).
[[0;32m  OK  [0m] Found device 82540EM Gigabit Ethern...r (PRO/1000 MT Desktop Adapter).
[[0;32m  OK  [0m] Started LSB: AppArmor initialization.
[[0;32m  OK  [0m] Listening on Load/Save RF Kill Switch Status /dev/rfkill Watch.
[[0;32m  OK  [0m] Started Set console font and keymap.
[[0;32m  OK  [0m] Created slice system-getty.slice.
[   18.170473] cloud-init[427]: Cloud-init v. 17.1 running 'init-local' at Tue, 19 Dec 2017 09:16:28 +0000. Up 17.41 seconds.
[[0;32m  OK  [0m] Started Initial cloud-init job (pre-networking).
[[0;32m  OK  [0m] Reached target Network (Pre).
         Starting Raise network interfaces...
[[0;32m  OK  [0m] Started ifup for enp0s8.
[[0;32m  OK  [0m] Started ifup for enp0s3.
[[0;32m  OK  [0m] Started Raise network interfaces.
         Starting Initial cloud-init job (metadata service crawler)...
[[0;32m  OK  [0m] Reached target Network.
[   20.081642] cloud-init[1060]: Cloud-init v. 17.1 running 'init' at Tue, 19 Dec 2017 09:16:29 +0000. Up 19.02 seconds.
[   20.089439] cloud-init[1060]: ci-info: ++++++++++++++++++++++++++++++++++++++Net device info++++++++++++++++++++++++++++++++++++++
[   20.092447] cloud-init[1060]: ci-info: +--------+------+-----------------------------+---------------+-------+-------------------+
[   20.105380] cloud-init[1060]: ci-info: | Device |  Up  |           Address           |      Mask     | Scope |     Hw-Address    |
[   20.114873] cloud-init[1060]: ci-info: +--------+------+-----------------------------+---------------+-------+-------------------+
[   20.127376] cloud-init[1060]: ci-info: | enp0s3 | True |          10.0.2.15          | 255.255.255.0 |   .   | 02:15:29:52:b1:84 |
[   20.132749] cloud-init[1060]: ci-info: | enp0s3 | True |  fe80::15:29ff:fe52:b184/64 |       .       |  link | 02:15:29:52:b1:84 |
[   20.143049] cloud-init[1060]: ci-info: | enp0s8 | True |        192.168.33.19        | 255.255.255.0 |   .   | 08:00:27:12:9d:4a |
[   20.149302] cloud-init[1060]: ci-info: | enp0s8 | True | fe80::a00:27ff:fe12:9d4a/64 |       .       |  link | 08:00:27:12:9d:4a |
[   20.155901] cloud-init[1060]: ci-info: |   lo   | True |          127.0.0.1          |   255.0.0.0   |   .   |         .         |
[   20.164501] cloud-init[1060]: ci-info: |   lo   | True |           ::1/128           |       .       |  host |         .         |
[   20.179087] cloud-init[1060]: ci-info: +--------+------+-----------------------------+---------------+-------+-------------------+
[   20.187238] cloud-init[1060]: ci-info: ++++++++++++++++++++++++++++Route IPv4 info++++++++++++++++++++++++++++
[[0;32m  OK  [0m] Started Initial cloud-init job (metadata service crawler).
[   20.187878] cloud-init[1060]: ci-info: +-------+--------------+----------+---------------+-----------+-------+
[   20.202664] cloud-init[1060]: ci-info: | Route | Destination  | Gateway  |    Genmask    | Interface | Flags |
[[0;32m  OK  [0m] Reached target System Initialization.
[[   20.203065] cloud-init[1060]: ci-info: +-------+--------------+----------+---------------+-----------+-------+
[0;32m  OK  [0m[   20.211345] ] cloud-initListening on UUID daemon activation socket.[1060]: 
ci-info: |   0   |   0.0.0.0    | 10.0.2.2 |    0.0.0.0    |   enp0s3  |   UG  |
[   20.211578] cloud-init[1060]: ci-info: |   1   |   10.0.2.0   | 0.0.0.0  | 255.255.255.0 |   enp0s3  |   U   |
[   20.217279] cloud-init[1060]: ci-info: |   2   | 192.168.33.0 | 0.0.0.0  | 255.255.255.0 |   enp0s8  |   U   |
         Starting LXD - unix socket.
[   20.217675] cloud-init[1060]: ci-info: +-------+--------------+----------+---------------+-----------+-------+
[[0;32m  OK  [0m] Listening on D-Bus System Message Bus Socket.
[[0;32m  OK  [0m] Started Daily Cleanup of Temporary Directories.
[[0;32m  OK  [0m] Listening on ACPID Listen Socket.
[[0;32m  OK  [0m] Started ACPI Events Check.
[[0;32m  OK  [0m] Reached target Paths.
         Starting Socket activation for snappy daemon.
[[0;32m  OK  [0m] Started Timer to automatically refresh installed snaps.
[[0;32m  OK  [0m] Reached target Network is Online.
[[0;32m  OK  [0m] Started Daily apt download activities.
[[0;32m  OK  [0m] Started Daily apt upgrade and clean activities.
[[0;32m  OK  [0m] Reached target Timers.
         Starting iSCSI initiator daemon (iscsid)...
[[0;32m  OK  [0m] Reached target Cloud-config availability.
[[0;32m  OK  [0m] Listening on LXD - unix socket.
[[0;32m  OK  [0m] Listening on Socket activation for snappy daemon.
[[0;32m  OK  [0m] Reached target Sockets.
[[0;32m  OK  [0m] Reached target Basic System.
[[0;32m  OK  [0m] Started Deferred execution scheduler.
         Starting LSB: MD monitoring daemon...
[[0;32m  OK  [0m] Started ACPI event daemon.
         Starting Accounts Service...
[[0;32m  OK  [0m] Started FUSE filesystem for LXC.
         Starting LXD - container startup/shutdown...
[[0;32m  OK  [0m] Started D-Bus System Message Bus.
         Starting System Logging Service...
[[0;32m  OK  [0m] Started Regular background program processing daemon.
         Starting Snappy daemon...
         Starting Apply the settings specified in cloud-config...
[[0;32m  OK  [0m] Started Unattended Upgrades Shutdown.
         Starting /etc/rc.local Compatibility...
         Starting Login Service...
         Starting MySQL Community Server...
         Starting OpenBSD Secure Shell server...
         Starting LSB: Record successful boot for GRUB...
[[0;32m  OK  [0m] Started /etc/rc.local Compatibility.
         Starting Authenticate and Authorize Users to Run Privileged Tasks...
[[0;32m  OK  [0m] Started Login Service.
[[0;32m  OK  [0m] Started iSCSI initiator daemon (iscsid).
         Starting Login to default iSCSI targets...
[[0;32m  OK  [0m] Started System Logging Service.
[[0;32m  OK  [0m] Started LSB: MD monitoring daemon.
[[0;32m  OK  [0m] Started Authenticate and Authorize Users to Run Privileged Tasks.
[[0;32m  OK  [0m] Started Accounts Service.
[   21.590278] cloud-init[1141]: Cloud-init v. 17.1 running 'modules:config' at Tue, 19 Dec 2017 09:16:32 +0000. Up 21.32 seconds.
[[0;32m  OK  [0m] Started Login to default iSCSI targets.
[[0;32m  OK  [0m] Reached target Remote File Systems (Pre).
[[0;32m  OK  [0m] Reached target Remote File Systems.
         Starting LSB: automatic crash report generation...
         Starting Permit User Sessions...
         Starting LSB: daemon to balance interrupts for SMP systems...
         Starting LSB: Set the CPU Frequency Scaling governor to "ondemand"...
         Starting LSB: Apache2 web server...
         Starting LSB: VirtualBox Linux Additions...
[[0;32m  OK  [0m] Started Apply the settings specified in cloud-config.
[[0;32m  OK  [0m] Started LSB: Set the CPU Frequency Scaling governor to "ondemand".
[[0;32m  OK  [0m] Started Permit User Sessions.
         Starting Terminate Plymouth Boot Screen...
         Starting Hold until boot process finishes up...
[[0;32m  OK  [0m] Started Terminate Plymouth Boot Screen.
[[0;32m  OK  [0m] Started Hold until boot process finishes up.
[[0;32m  OK  [0m] Started Serial Getty on ttyS0.
[[0;32m  OK  [0m] Started Getty on tty1.
[[0;32m  OK  [0m] Reached target Login Prompts.
         Starting Set console scheme...
[[0;32m  OK  [0m] Started LSB: Record successful boot for GRUB.
[[0;32m  OK  [0m] Started LSB: daemon to balance interrupts for SMP systems.
[[0;32m  OK  [0m] Started Set console scheme.
[[0;32m  OK  [0m] Started OpenBSD Secure Shell server.
[[0;32m  OK  [0m] Started LXD - container startup/shutdown.
[[0;32m  OK  [0m] Started LSB: automatic crash report generation.
[[0;32m  OK  [0m] Started LSB: VirtualBox Linux Additions.
[[0;32m  OK  [0m] Started Snappy daemon.
[[0;32m  OK  [0m] Created slice User Slice of ubuntu.
         Starting User Manager for UID 1000...
[[0;32m  OK  [0m] Started Session 1 of user ubuntu.
[[0;32m  OK  [0m] Started User Manager for UID 1000.

Ubuntu 16.04.3 LTS ubuntu-xenial ttyS0

ubuntu-xenial login: [   28.719837] cloud-init[1450]: Cloud-init v. 17.1 running 'modules:final' at Tue, 19 Dec 2017 09:16:38 +0000. Up 27.99 seconds.
[   28.720390] cloud-init[1450]: Cloud-init v. 17.1 finished at Tue, 19 Dec 2017 09:16:39 +0000. Datasource DataSourceNoCloud [seed=/dev/sdb][dsmode=net].  Up 28.69 seconds
